Component: ARM Compiler 5.06 update 6 (build 750) Tool: armlink [4d35ed]

==============================================================================

Section Cross References

    main.o(i.SysTick_Handler) refers to irq.o(i.rt_interrupt_enter) for rt_interrupt_enter
    main.o(i.SysTick_Handler) refers to clock.o(i.rt_tick_increase) for rt_tick_increase
    main.o(i.SysTick_Handler) refers to irq.o(i.rt_interrupt_leave) for rt_interrupt_leave
    main.o(i.flag1_thread_entry) refers to thread.o(i.rt_thread_delay) for rt_thread_delay
    main.o(i.flag1_thread_entry) refers to main.o(.data) for flag1
    main.o(i.flag2_thread_entry) refers to main.o(i.delay) for delay
    main.o(i.flag2_thread_entry) refers to main.o(.data) for flag2
    main.o(i.flag3_thread_entry) refers to main.o(i.delay) for delay
    main.o(i.flag3_thread_entry) refers to main.o(.data) for flag3
    main.o(i.main) refers to cortext_rvds.o(.text) for rt_hw_interrupt_disable
    main.o(i.main) refers to timer.o(i.rt_system_timer_init) for rt_system_timer_init
    main.o(i.main) refers to scheduler.o(i.rt_system_scheduler_init) for rt_system_scheduler_init
    main.o(i.main) refers to idle.o(i.rt_thread_idle_init) for rt_thread_idle_init
    main.o(i.main) refers to thread.o(i.rt_thread_init) for rt_thread_init
    main.o(i.main) refers to thread.o(i.rt_thread_startup) for rt_thread_startup
    main.o(i.main) refers to scheduler.o(i.rt_system_scheduler_start) for rt_system_scheduler_start
    main.o(i.main) refers to system_armcm3.o(.data) for SystemCoreClock
    main.o(i.main) refers to main.o(.bss) for rt_flag1_thread_stack
    main.o(i.main) refers to main.o(i.flag1_thread_entry) for flag1_thread_entry
    main.o(i.main) refers to main.o(i.flag2_thread_entry) for flag2_thread_entry
    main.o(i.main) refers to main.o(i.flag3_thread_entry) for flag3_thread_entry
    cortext_rvds.o(.text) refers to cpuport.o(.data) for rt_interrupt_to_thread
    thread.o(i.rt_thread_delay) refers to thread.o(i.rt_thread_sleep) for rt_thread_sleep
    thread.o(i.rt_thread_init) refers to object.o(i.rt_object_init) for rt_object_init
    thread.o(i.rt_thread_init) refers to cpuport.o(i.rt_hw_stack_init) for rt_hw_stack_init
    thread.o(i.rt_thread_init) refers to timer.o(i.rt_timer_init) for rt_timer_init
    thread.o(i.rt_thread_init) refers to thread.o(i.rt_thread_timeout) for rt_thread_timeout
    thread.o(i.rt_thread_resume) refers to cortext_rvds.o(.text) for rt_hw_interrupt_disable
    thread.o(i.rt_thread_resume) refers to thread.o(i.rt_list_remove) for rt_list_remove
    thread.o(i.rt_thread_resume) refers to scheduler.o(i.rt_schedule_insert_thread) for rt_schedule_insert_thread
    thread.o(i.rt_thread_self) refers to scheduler.o(.data) for rt_current_thread
    thread.o(i.rt_thread_sleep) refers to cortext_rvds.o(.text) for rt_hw_interrupt_disable
    thread.o(i.rt_thread_sleep) refers to thread.o(i.rt_thread_suspend) for rt_thread_suspend
    thread.o(i.rt_thread_sleep) refers to timer.o(i.rt_timer_control) for rt_timer_control
    thread.o(i.rt_thread_sleep) refers to timer.o(i.rt_timer_start) for rt_timer_start
    thread.o(i.rt_thread_sleep) refers to scheduler.o(i.rt_schedule) for rt_schedule
    thread.o(i.rt_thread_sleep) refers to scheduler.o(.data) for rt_current_thread
    thread.o(i.rt_thread_startup) refers to thread.o(i.rt_thread_resume) for rt_thread_resume
    thread.o(i.rt_thread_startup) refers to thread.o(i.rt_thread_self) for rt_thread_self
    thread.o(i.rt_thread_startup) refers to scheduler.o(i.rt_schedule) for rt_schedule
    thread.o(i.rt_thread_suspend) refers to cortext_rvds.o(.text) for rt_hw_interrupt_disable
    thread.o(i.rt_thread_suspend) refers to scheduler.o(i.rt_schedule_remove_thread) for rt_schedule_remove_thread
    thread.o(i.rt_thread_suspend) refers to timer.o(i.rt_timer_stop) for rt_timer_stop
    thread.o(i.rt_thread_timeout) refers to thread.o(i.rt_list_remove) for rt_list_remove
    thread.o(i.rt_thread_timeout) refers to scheduler.o(i.rt_schedule_insert_thread) for rt_schedule_insert_thread
    thread.o(i.rt_thread_timeout) refers to scheduler.o(i.rt_schedule) for rt_schedule
    thread.o(i.rt_thread_yield) refers to cortext_rvds.o(.text) for rt_hw_interrupt_disable
    thread.o(i.rt_thread_yield) refers to thread.o(i.rt_list_remove) for rt_list_remove
    thread.o(i.rt_thread_yield) refers to scheduler.o(i.rt_schedule) for rt_schedule
    thread.o(i.rt_thread_yield) refers to scheduler.o(.data) for rt_current_thread
    thread.o(i.rt_thread_yield) refers to scheduler.o(.bss) for rt_thread_priority_table
    scheduler.o(i.rt_schedule) refers to cortext_rvds.o(.text) for rt_hw_interrupt_disable
    scheduler.o(i.rt_schedule) refers to kservice.o(i.__rt_ffs) for __rt_ffs
    scheduler.o(i.rt_schedule) refers to scheduler.o(.data) for rt_thread_ready_priority_group
    scheduler.o(i.rt_schedule) refers to scheduler.o(.bss) for rt_thread_priority_table
    scheduler.o(i.rt_schedule_insert_thread) refers to cortext_rvds.o(.text) for rt_hw_interrupt_disable
    scheduler.o(i.rt_schedule_insert_thread) refers to scheduler.o(.bss) for rt_thread_priority_table
    scheduler.o(i.rt_schedule_insert_thread) refers to scheduler.o(.data) for rt_thread_ready_priority_group
    scheduler.o(i.rt_schedule_remove_thread) refers to cortext_rvds.o(.text) for rt_hw_interrupt_disable
    scheduler.o(i.rt_schedule_remove_thread) refers to scheduler.o(.bss) for rt_thread_priority_table
    scheduler.o(i.rt_schedule_remove_thread) refers to scheduler.o(.data) for rt_thread_ready_priority_group
    scheduler.o(i.rt_system_scheduler_init) refers to scheduler.o(.bss) for rt_thread_priority_table
    scheduler.o(i.rt_system_scheduler_init) refers to scheduler.o(.data) for rt_current_priority
    scheduler.o(i.rt_system_scheduler_start) refers to kservice.o(i.__rt_ffs) for __rt_ffs
    scheduler.o(i.rt_system_scheduler_start) refers to cortext_rvds.o(.text) for rt_hw_context_switch_to
    scheduler.o(i.rt_system_scheduler_start) refers to scheduler.o(.data) for rt_thread_ready_priority_group
    scheduler.o(i.rt_system_scheduler_start) refers to scheduler.o(.bss) for rt_thread_priority_table
    object.o(i.rt_object_get_information) refers to object.o(.data) for rt_object_container
    object.o(i.rt_object_init) refers to object.o(i.rt_object_get_information) for rt_object_get_information
    object.o(i.rt_object_init) refers to kservice.o(i.rt_strncpy) for rt_strncpy
    object.o(i.rt_object_init) refers to cortext_rvds.o(.text) for rt_hw_interrupt_disable
    kservice.o(i.__rt_ffs) refers to kservice.o(.constdata) for __lowest_bit_bitmap
    idle.o(i.rt_thread_idle_entry) refers to idle.o(.data) for rt_idletask_ctr
    idle.o(i.rt_thread_idle_init) refers to thread.o(i.rt_thread_init) for rt_thread_init
    idle.o(i.rt_thread_idle_init) refers to thread.o(i.rt_thread_startup) for rt_thread_startup
    idle.o(i.rt_thread_idle_init) refers to idle.o(.bss) for rt_thread_stack
    idle.o(i.rt_thread_idle_init) refers to idle.o(i.rt_thread_idle_entry) for rt_thread_idle_entry
    clock.o(i.rt_tick_get) refers to clock.o(.data) for rt_tick
    clock.o(i.rt_tick_increase) refers to thread.o(i.rt_thread_self) for rt_thread_self
    clock.o(i.rt_tick_increase) refers to thread.o(i.rt_thread_yield) for rt_thread_yield
    clock.o(i.rt_tick_increase) refers to timer.o(i.rt_timer_check) for rt_timer_check
    clock.o(i.rt_tick_increase) refers to clock.o(.data) for rt_tick
    irq.o(i.rt_interrupt_enter) refers to cortext_rvds.o(.text) for rt_hw_interrupt_disable
    irq.o(i.rt_interrupt_enter) refers to irq.o(.data) for rt_interrupt_nest
    irq.o(i.rt_interrupt_leave) refers to cortext_rvds.o(.text) for rt_hw_interrupt_disable
    irq.o(i.rt_interrupt_leave) refers to irq.o(.data) for rt_interrupt_nest
    timer.o(i._rt_timer_init) refers to timer.o(i.rt_list_init) for rt_list_init
    timer.o(i.rt_system_timer_init) refers to timer.o(i.rt_list_init) for rt_list_init
    timer.o(i.rt_system_timer_init) refers to timer.o(.data) for rt_timer_list
    timer.o(i.rt_timer_check) refers to clock.o(i.rt_tick_get) for rt_tick_get
    timer.o(i.rt_timer_check) refers to cortext_rvds.o(.text) for rt_hw_interrupt_disable
    timer.o(i.rt_timer_check) refers to timer.o(i._rt_timer_remove) for _rt_timer_remove
    timer.o(i.rt_timer_check) refers to timer.o(i.rt_timer_start) for rt_timer_start
    timer.o(i.rt_timer_check) refers to timer.o(.data) for rt_timer_list
    timer.o(i.rt_timer_init) refers to object.o(i.rt_object_init) for rt_object_init
    timer.o(i.rt_timer_init) refers to timer.o(i._rt_timer_init) for _rt_timer_init
    timer.o(i.rt_timer_start) refers to cortext_rvds.o(.text) for rt_hw_interrupt_disable
    timer.o(i.rt_timer_start) refers to timer.o(i._rt_timer_remove) for _rt_timer_remove
    timer.o(i.rt_timer_start) refers to clock.o(i.rt_tick_get) for rt_tick_get
    timer.o(i.rt_timer_start) refers to timer.o(i.rt_list_insert_after) for rt_list_insert_after
    timer.o(i.rt_timer_start) refers to timer.o(.data) for rt_timer_list
    timer.o(i.rt_timer_stop) refers to cortext_rvds.o(.text) for rt_hw_interrupt_disable
    timer.o(i.rt_timer_stop) refers to timer.o(i._rt_timer_remove) for _rt_timer_remove
    startup_armcm3.o(STACK) refers (Special) to heapauxi.o(.text) for __use_two_region_memory
    startup_armcm3.o(HEAP) refers (Special) to heapauxi.o(.text) for __use_two_region_memory
    startup_armcm3.o(RESET) refers (Special) to heapauxi.o(.text) for __use_two_region_memory
    startup_armcm3.o(RESET) refers to startup_armcm3.o(STACK) for __initial_sp
    startup_armcm3.o(RESET) refers to startup_armcm3.o(.text) for Reset_Handler
    startup_armcm3.o(RESET) refers to cortext_rvds.o(.text) for PendSV_Handler
    startup_armcm3.o(RESET) refers to main.o(i.SysTick_Handler) for SysTick_Handler
    startup_armcm3.o(.text) refers (Special) to heapauxi.o(.text) for __use_two_region_memory
    startup_armcm3.o(.text) refers to system_armcm3.o(i.SystemInit) for SystemInit
    startup_armcm3.o(.text) refers to __main.o(!!!main) for __main
    system_armcm3.o(i.SystemCoreClockUpdate) refers to system_armcm3.o(.data) for SystemCoreClock
    system_armcm3.o(i.SystemInit) refers to startup_armcm3.o(RESET) for __Vectors
    system_armcm3.o(i.SystemInit) refers to system_armcm3.o(.data) for SystemCoreClock
    __main.o(!!!main) refers to __rtentry.o(.ARM.Collect$$rtentry$$00000000) for __rt_entry
    __rtentry.o(.ARM.Collect$$rtentry$$00000000) refers (Special) to __rtentry2.o(.ARM.Collect$$rtentry$$0000000A) for __rt_entry_li
    __rtentry.o(.ARM.Collect$$rtentry$$00000000) refers (Special) to __rtentry2.o(.ARM.Collect$$rtentry$$0000000D) for __rt_entry_main
    __rtentry.o(.ARM.Collect$$rtentry$$00000000) refers (Special) to __rtentry2.o(.ARM.Collect$$rtentry$$0000000C) for __rt_entry_postli_1
    __rtentry.o(.ARM.Collect$$rtentry$$00000000) refers (Special) to __rtentry2.o(.ARM.Collect$$rtentry$$00000009) for __rt_entry_postsh_1
    __rtentry.o(.ARM.Collect$$rtentry$$00000000) refers (Special) to __rtentry2.o(.ARM.Collect$$rtentry$$00000002) for __rt_entry_presh_1
    __rtentry.o(.ARM.Collect$$rtentry$$00000000) refers (Special) to __rtentry5.o(.ARM.Collect$$rtentry$$00000005) for __rt_entry_sh
    __rtentry2.o(.ARM.Collect$$rtentry$$00000008) refers to boardinit2.o(.text) for _platform_post_stackheap_init
    __rtentry2.o(.ARM.Collect$$rtentry$$0000000A) refers to libinit.o(.ARM.Collect$$libinit$$00000000) for __rt_lib_init
    __rtentry2.o(.ARM.Collect$$rtentry$$0000000B) refers to boardinit3.o(.text) for _platform_post_lib_init
    __rtentry2.o(.ARM.Collect$$rtentry$$0000000D) refers to main.o(i.main) for main
    __rtentry2.o(.ARM.Collect$$rtentry$$0000000D) refers to exit.o(.text) for exit
    __rtentry2.o(.ARM.exidx) refers to __rtentry2.o(.ARM.Collect$$rtentry$$00000001) for .ARM.Collect$$rtentry$$00000001
    __rtentry2.o(.ARM.exidx) refers to __rtentry2.o(.ARM.Collect$$rtentry$$00000008) for .ARM.Collect$$rtentry$$00000008
    __rtentry2.o(.ARM.exidx) refers to __rtentry2.o(.ARM.Collect$$rtentry$$0000000A) for .ARM.Collect$$rtentry$$0000000A
    __rtentry2.o(.ARM.exidx) refers to __rtentry2.o(.ARM.Collect$$rtentry$$0000000B) for .ARM.Collect$$rtentry$$0000000B
    __rtentry2.o(.ARM.exidx) refers to __rtentry2.o(.ARM.Collect$$rtentry$$0000000D) for .ARM.Collect$$rtentry$$0000000D
    __rtentry4.o(.ARM.Collect$$rtentry$$00000004) refers to sys_stackheap_outer.o(.text) for __user_setup_stackheap
    __rtentry4.o(.ARM.exidx) refers to __rtentry4.o(.ARM.Collect$$rtentry$$00000004) for .ARM.Collect$$rtentry$$00000004
    __rtentry5.o(.ARM.Collect$$rtentry$$00000005) refers to __rtentry5.o(.ARM.Collect$$rtentry$$00002716) for __lit__00000000
    __rtentry5.o(.ARM.Collect$$rtentry$$00002716) refers to startup_armcm3.o(STACK) for __initial_sp
    __rtentry5.o(__vectab_stack_and_reset_sym_area) refers to startup_armcm3.o(STACK) for __initial_sp
    __rtentry5.o(__vectab_stack_and_reset_sym_area) refers to __main.o(!!!main) for __main
    __rtentry5.o(.ARM.exidx) refers to __rtentry5.o(.ARM.Collect$$rtentry$$00000005) for .ARM.Collect$$rtentry$$00000005
    __rtentry5.o(.ARM.exidx) refers to __rtentry5.o(.ARM.Collect$$rtentry$$00002716) for .ARM.Collect$$rtentry$$00002716
    sys_stackheap_outer.o(.text) refers to libspace.o(.text) for __user_perproc_libspace
    sys_stackheap_outer.o(.text) refers to sys_stackheap.o(.text) for __user_initial_stackheap
    exit.o(.text) refers to rtexit.o(.ARM.Collect$$rtexit$$00000000) for __rt_exit
    libinit.o(.ARM.Collect$$libinit$$00000000) refers (Special) to libinit2.o(.ARM.Collect$$libinit$$0000002E) for __rt_lib_init_alloca_1
    libinit.o(.ARM.Collect$$libinit$$00000000) refers (Special) to libinit2.o(.ARM.Collect$$libinit$$0000002C) for __rt_lib_init_argv_1
    libinit.o(.ARM.Collect$$libinit$$00000000) refers (Special) to libinit2.o(.ARM.Collect$$libinit$$0000001B) for __rt_lib_init_atexit_1
    libinit.o(.ARM.Collect$$libinit$$00000000) refers (Special) to libinit2.o(.ARM.Collect$$libinit$$00000021) for __rt_lib_init_clock_1
    libinit.o(.ARM.Collect$$libinit$$00000000) refers (Special) to libinit2.o(.ARM.Collect$$libinit$$00000032) for __rt_lib_init_cpp_1
    libinit.o(.ARM.Collect$$libinit$$00000000) refers (Special) to libinit2.o(.ARM.Collect$$libinit$$00000030) for __rt_lib_init_exceptions_1
    libinit.o(.ARM.Collect$$libinit$$00000000) refers (Special) to libinit2.o(.ARM.Collect$$libinit$$00000002) for __rt_lib_init_fp_1
    libinit.o(.ARM.Collect$$libinit$$00000000) refers (Special) to libinit2.o(.ARM.Collect$$libinit$$0000001F) for __rt_lib_init_fp_trap_1
    libinit.o(.ARM.Collect$$libinit$$00000000) refers (Special) to libinit2.o(.ARM.Collect$$libinit$$00000023) for __rt_lib_init_getenv_1
    libinit.o(.ARM.Collect$$libinit$$00000000) refers (Special) to libinit2.o(.ARM.Collect$$libinit$$0000000A) for __rt_lib_init_heap_1
    libinit.o(.ARM.Collect$$libinit$$00000000) refers (Special) to libinit2.o(.ARM.Collect$$libinit$$00000011) for __rt_lib_init_lc_collate_1
    libinit.o(.ARM.Collect$$libinit$$00000000) refers (Special) to libinit2.o(.ARM.Collect$$libinit$$00000013) for __rt_lib_init_lc_ctype_1
    libinit.o(.ARM.Collect$$libinit$$00000000) refers (Special) to libinit2.o(.ARM.Collect$$libinit$$00000015) for __rt_lib_init_lc_monetary_1
    libinit.o(.ARM.Collect$$libinit$$00000000) refers (Special) to libinit2.o(.ARM.Collect$$libinit$$00000017) for __rt_lib_init_lc_numeric_1
    libinit.o(.ARM.Collect$$libinit$$00000000) refers (Special) to libinit2.o(.ARM.Collect$$libinit$$00000019) for __rt_lib_init_lc_time_1
    libinit.o(.ARM.Collect$$libinit$$00000000) refers (Special) to libinit2.o(.ARM.Collect$$libinit$$00000004) for __rt_lib_init_preinit_1
    libinit.o(.ARM.Collect$$libinit$$00000000) refers (Special) to libinit2.o(.ARM.Collect$$libinit$$0000000E) for __rt_lib_init_rand_1
    libinit.o(.ARM.Collect$$libinit$$00000000) refers (Special) to libinit2.o(.ARM.Collect$$libinit$$00000033) for __rt_lib_init_return
    libinit.o(.ARM.Collect$$libinit$$00000000) refers (Special) to libinit2.o(.ARM.Collect$$libinit$$0000001D) for __rt_lib_init_signal_1
    libinit.o(.ARM.Collect$$libinit$$00000000) refers (Special) to libinit2.o(.ARM.Collect$$libinit$$00000025) for __rt_lib_init_stdio_1
    libinit.o(.ARM.Collect$$libinit$$00000000) refers (Special) to libinit2.o(.ARM.Collect$$libinit$$0000000C) for __rt_lib_init_user_alloc_1
    libspace.o(.text) refers to libspace.o(.bss) for __libspace_start
    sys_stackheap.o(.text) refers (Special) to indicate_semi.o(.text) for __semihosting_library_function
    sys_stackheap.o(.text) refers to use_no_semi.o(.text) for __I$use$semihosting
    rtexit.o(.ARM.Collect$$rtexit$$00000000) refers (Special) to rtexit2.o(.ARM.Collect$$rtexit$$00000004) for __rt_exit_exit
    rtexit.o(.ARM.Collect$$rtexit$$00000000) refers (Special) to rtexit2.o(.ARM.Collect$$rtexit$$00000003) for __rt_exit_ls
    rtexit.o(.ARM.Collect$$rtexit$$00000000) refers (Special) to rtexit2.o(.ARM.Collect$$rtexit$$00000002) for __rt_exit_prels_1
    rtexit.o(.ARM.exidx) refers (Special) to rtexit2.o(.ARM.Collect$$rtexit$$00000004) for __rt_exit_exit
    rtexit.o(.ARM.exidx) refers (Special) to rtexit2.o(.ARM.Collect$$rtexit$$00000003) for __rt_exit_ls
    rtexit.o(.ARM.exidx) refers (Special) to rtexit2.o(.ARM.Collect$$rtexit$$00000002) for __rt_exit_prels_1
    rtexit.o(.ARM.exidx) refers to rtexit.o(.ARM.Collect$$rtexit$$00000000) for .ARM.Collect$$rtexit$$00000000
    libinit2.o(.ARM.Collect$$libinit$$00000010) refers to libinit2.o(.ARM.Collect$$libinit$$0000000F) for .ARM.Collect$$libinit$$0000000F
    libinit2.o(.ARM.Collect$$libinit$$00000012) refers to libinit2.o(.ARM.Collect$$libinit$$0000000F) for .ARM.Collect$$libinit$$0000000F
    libinit2.o(.ARM.Collect$$libinit$$00000014) refers to libinit2.o(.ARM.Collect$$libinit$$0000000F) for .ARM.Collect$$libinit$$0000000F
    libinit2.o(.ARM.Collect$$libinit$$00000016) refers to libinit2.o(.ARM.Collect$$libinit$$0000000F) for .ARM.Collect$$libinit$$0000000F
    libinit2.o(.ARM.Collect$$libinit$$00000018) refers to libinit2.o(.ARM.Collect$$libinit$$0000000F) for .ARM.Collect$$libinit$$0000000F
    libinit2.o(.ARM.Collect$$libinit$$00000026) refers to argv_veneer.o(.emb_text) for __ARM_argv_veneer
    libinit2.o(.ARM.Collect$$libinit$$00000027) refers to argv_veneer.o(.emb_text) for __ARM_argv_veneer
    libinit3.o(.ARM.Collect$$libinit$$00000006) refers to libinit3.o(.ARM.Collect$$libinit$$00002717) for __lit__00000000
    libinit3.o(.ARM.Collect$$libinit$$00002717) refers to startup_armcm3.o(HEAP) for __heap_base
    libinit3.o(.ARM.Collect$$libinit$$00000028) refers to libinit3.o(.ARM.Collect$$libinit$$00002739) for __lit__00000002
    libinit3.o(.ARM.Collect$$libinit$$00000028) refers to argv_veneer.o(.emb_text) for __ARM_argv_veneer
    libinit3.o(.ARM.Collect$$libinit$$00002739) refers to startup_armcm3.o(HEAP) for __heap_base
    rtexit2.o(.ARM.Collect$$rtexit$$00000003) refers to libshutdown.o(.ARM.Collect$$libshutdown$$00000000) for __rt_lib_shutdown
    rtexit2.o(.ARM.Collect$$rtexit$$00000004) refers to sys_exit.o(.text) for _sys_exit
    rtexit2.o(.ARM.exidx) refers to rtexit2.o(.ARM.Collect$$rtexit$$00000001) for .ARM.Collect$$rtexit$$00000001
    rtexit2.o(.ARM.exidx) refers to rtexit2.o(.ARM.Collect$$rtexit$$00000003) for .ARM.Collect$$rtexit$$00000003
    rtexit2.o(.ARM.exidx) refers to rtexit2.o(.ARM.Collect$$rtexit$$00000004) for .ARM.Collect$$rtexit$$00000004
    argv_veneer.o(.emb_text) refers to no_argv.o(.text) for __ARM_get_argv
    sys_exit.o(.text) refers (Special) to use_no_semi.o(.text) for __I$use$semihosting
    sys_exit.o(.text) refers (Special) to indicate_semi.o(.text) for __semihosting_library_function
    _get_argv_nomalloc.o(.text) refers (Special) to hrguard.o(.text) for __heap_region$guard
    _get_argv_nomalloc.o(.text) refers to defsig_rtmem_outer.o(.text) for __rt_SIGRTMEM
    _get_argv_nomalloc.o(.text) refers to sys_command.o(.text) for _sys_command_string
    libshutdown.o(.ARM.Collect$$libshutdown$$00000000) refers (Special) to libshutdown2.o(.ARM.Collect$$libshutdown$$00000002) for __rt_lib_shutdown_cpp_1
    libshutdown.o(.ARM.Collect$$libshutdown$$00000000) refers (Special) to libshutdown2.o(.ARM.Collect$$libshutdown$$00000007) for __rt_lib_shutdown_fp_trap_1
    libshutdown.o(.ARM.Collect$$libshutdown$$00000000) refers (Special) to libshutdown2.o(.ARM.Collect$$libshutdown$$0000000F) for __rt_lib_shutdown_heap_1
    libshutdown.o(.ARM.Collect$$libshutdown$$00000000) refers (Special) to libshutdown2.o(.ARM.Collect$$libshutdown$$00000010) for __rt_lib_shutdown_return
    libshutdown.o(.ARM.Collect$$libshutdown$$00000000) refers (Special) to libshutdown2.o(.ARM.Collect$$libshutdown$$0000000A) for __rt_lib_shutdown_signal_1
    libshutdown.o(.ARM.Collect$$libshutdown$$00000000) refers (Special) to libshutdown2.o(.ARM.Collect$$libshutdown$$00000004) for __rt_lib_shutdown_stdio_1
    libshutdown.o(.ARM.Collect$$libshutdown$$00000000) refers (Special) to libshutdown2.o(.ARM.Collect$$libshutdown$$0000000C) for __rt_lib_shutdown_user_alloc_1
    sys_command.o(.text) refers (Special) to use_no_semi.o(.text) for __I$use$semihosting
    sys_command.o(.text) refers (Special) to indicate_semi.o(.text) for __semihosting_library_function
    defsig_rtmem_outer.o(.text) refers to defsig_rtmem_inner.o(.text) for __rt_SIGRTMEM_inner
    defsig_rtmem_outer.o(.text) refers to defsig_exit.o(.text) for __sig_exit
    defsig_rtmem_formal.o(.text) refers to rt_raise.o(.text) for __rt_raise
    rt_raise.o(.text) refers to __raise.o(.text) for __raise
    rt_raise.o(.text) refers to sys_exit.o(.text) for _sys_exit
    defsig_exit.o(.text) refers to sys_exit.o(.text) for _sys_exit
    defsig_rtmem_inner.o(.text) refers to defsig_general.o(.text) for __default_signal_display
    __raise.o(.text) refers to defsig.o(CL$$defsig) for __default_signal_handler
    defsig_general.o(.text) refers to sys_wrch.o(.text) for _ttywrch
    sys_wrch.o(.text) refers (Special) to use_no_semi.o(.text) for __I$use$semihosting
    sys_wrch.o(.text) refers (Special) to indicate_semi.o(.text) for __semihosting_library_function
    defsig.o(CL$$defsig) refers to defsig_rtmem_inner.o(.text) for __rt_SIGRTMEM_inner
    defsig_abrt_inner.o(.text) refers to defsig_general.o(.text) for __default_signal_display
    defsig_fpe_inner.o(.text) refers to defsig_general.o(.text) for __default_signal_display
    defsig_rtred_inner.o(.text) refers to defsig_general.o(.text) for __default_signal_display
    defsig_stak_inner.o(.text) refers to defsig_general.o(.text) for __default_signal_display
    defsig_pvfn_inner.o(.text) refers to defsig_general.o(.text) for __default_signal_display
    defsig_cppl_inner.o(.text) refers to defsig_general.o(.text) for __default_signal_display
    defsig_segv_inner.o(.text) refers to defsig_general.o(.text) for __default_signal_display
    defsig_other.o(.text) refers to defsig_general.o(.text) for __default_signal_display


==============================================================================

Removing Unused input sections from the image.

    Removing main.o(.rev16_text), (4 bytes).
    Removing main.o(.revsh_text), (4 bytes).
    Removing main.o(.rrx_text), (6 bytes).
    Removing startup_armcm3.o(HEAP), (3072 bytes).
    Removing system_armcm3.o(.rev16_text), (4 bytes).
    Removing system_armcm3.o(.revsh_text), (4 bytes).
    Removing system_armcm3.o(.rrx_text), (6 bytes).
    Removing system_armcm3.o(i.SystemCoreClockUpdate), (16 bytes).

8 unused section(s) (total 3116 bytes) removed from the image.

==============================================================================

Image Symbol Table

    Local Symbols

    Symbol Name                              Value     Ov Type        Size  Object(Section)

    RESET                                    0x00000000   Section      960  startup_armcm3.o(RESET)
    ../clib/angel/boardlib.s                 0x00000000   Number         0  boardinit3.o ABSOLUTE
    ../clib/angel/boardlib.s                 0x00000000   Number         0  boardshut.o ABSOLUTE
    ../clib/angel/boardlib.s                 0x00000000   Number         0  boardinit1.o ABSOLUTE
    ../clib/angel/boardlib.s                 0x00000000   Number         0  boardinit2.o ABSOLUTE
    ../clib/angel/handlers.s                 0x00000000   Number         0  __scatter_copy.o ABSOLUTE
    ../clib/angel/handlers.s                 0x00000000   Number         0  __scatter_zi.o ABSOLUTE
    ../clib/angel/kernel.s                   0x00000000   Number         0  rtexit.o ABSOLUTE
    ../clib/angel/kernel.s                   0x00000000   Number         0  rtexit2.o ABSOLUTE
    ../clib/angel/kernel.s                   0x00000000   Number         0  __rtentry2.o ABSOLUTE
    ../clib/angel/kernel.s                   0x00000000   Number         0  __rtentry.o ABSOLUTE
    ../clib/angel/kernel.s                   0x00000000   Number         0  __rtentry4.o ABSOLUTE
    ../clib/angel/kernel.s                   0x00000000   Number         0  __rtentry5.o ABSOLUTE
    ../clib/angel/rt.s                       0x00000000   Number         0  rt_raise.o ABSOLUTE
    ../clib/angel/scatter.s                  0x00000000   Number         0  __scatter.o ABSOLUTE
    ../clib/angel/startup.s                  0x00000000   Number         0  __main.o ABSOLUTE
    ../clib/angel/sys.s                      0x00000000   Number         0  sys_stackheap_outer.o ABSOLUTE
    ../clib/angel/sys.s                      0x00000000   Number         0  sys_stackheap.o ABSOLUTE
    ../clib/angel/sys.s                      0x00000000   Number         0  libspace.o ABSOLUTE
    ../clib/angel/sys.s                      0x00000000   Number         0  use_no_semi.o ABSOLUTE
    ../clib/angel/sys.s                      0x00000000   Number         0  indicate_semi.o ABSOLUTE
    ../clib/angel/sysapp.c                   0x00000000   Number         0  sys_wrch.o ABSOLUTE
    ../clib/angel/sysapp.c                   0x00000000   Number         0  sys_command.o ABSOLUTE
    ../clib/angel/sysapp.c                   0x00000000   Number         0  sys_exit.o ABSOLUTE
    ../clib/armsys.c                         0x00000000   Number         0  argv_veneer.o ABSOLUTE
    ../clib/armsys.c                         0x00000000   Number         0  argv_veneer.o ABSOLUTE
    ../clib/armsys.c                         0x00000000   Number         0  no_argv.o ABSOLUTE
    ../clib/armsys.c                         0x00000000   Number         0  _get_argv_nomalloc.o ABSOLUTE
    ../clib/heapalloc.c                      0x00000000   Number         0  hrguard.o ABSOLUTE
    ../clib/heapaux.c                        0x00000000   Number         0  heapauxi.o ABSOLUTE
    ../clib/libinit.s                        0x00000000   Number         0  libshutdown.o ABSOLUTE
    ../clib/libinit.s                        0x00000000   Number         0  libinit3.o ABSOLUTE
    ../clib/libinit.s                        0x00000000   Number         0  libinit.o ABSOLUTE
    ../clib/libinit.s                        0x00000000   Number         0  libshutdown2.o ABSOLUTE
    ../clib/libinit.s                        0x00000000   Number         0  libinit2.o ABSOLUTE
    ../clib/signal.c                         0x00000000   Number         0  defsig_general.o ABSOLUTE
    ../clib/signal.c                         0x00000000   Number         0  defsig_rtred_inner.o ABSOLUTE
    ../clib/signal.c                         0x00000000   Number         0  defsig_fpe_inner.o ABSOLUTE
    ../clib/signal.c                         0x00000000   Number         0  defsig_abrt_inner.o ABSOLUTE
    ../clib/signal.c                         0x00000000   Number         0  defsig_other.o ABSOLUTE
    ../clib/signal.c                         0x00000000   Number         0  __raise.o ABSOLUTE
    ../clib/signal.c                         0x00000000   Number         0  defsig_cppl_inner.o ABSOLUTE
    ../clib/signal.c                         0x00000000   Number         0  defsig_exit.o ABSOLUTE
    ../clib/signal.c                         0x00000000   Number         0  defsig_pvfn_inner.o ABSOLUTE
    ../clib/signal.c                         0x00000000   Number         0  defsig_stak_inner.o ABSOLUTE
    ../clib/signal.c                         0x00000000   Number         0  defsig_rtmem_inner.o ABSOLUTE
    ../clib/signal.c                         0x00000000   Number         0  defsig_rtmem_formal.o ABSOLUTE
    ../clib/signal.c                         0x00000000   Number         0  defsig_rtmem_outer.o ABSOLUTE
    ../clib/signal.c                         0x00000000   Number         0  defsig_segv_inner.o ABSOLUTE
    ../clib/signal.s                         0x00000000   Number         0  defsig.o ABSOLUTE
    ../clib/stdlib.c                         0x00000000   Number         0  exit.o ABSOLUTE
    ../fplib/fpinit.s                        0x00000000   Number         0  fpinit.o ABSOLUTE
    ..\User\main.c                           0x00000000   Number         0  main.o ABSOLUTE
    ..\\User\\main.c                         0x00000000   Number         0  main.o ABSOLUTE
    ..\rtthread\3.0.3\libcpu\arm\cortex-m3\cortext_rvds.s 0x00000000   Number         0  cortext_rvds.o ABSOLUTE
    ..\rtthread\3.0.3\libcpu\arm\cortex-m3\cpuport.c 0x00000000   Number         0  cpuport.o ABSOLUTE
    ..\rtthread\3.0.3\src\clock.c            0x00000000   Number         0  clock.o ABSOLUTE
    ..\rtthread\3.0.3\src\idle.c             0x00000000   Number         0  idle.o ABSOLUTE
    ..\rtthread\3.0.3\src\irq.c              0x00000000   Number         0  irq.o ABSOLUTE
    ..\rtthread\3.0.3\src\kservice.c         0x00000000   Number         0  kservice.o ABSOLUTE
    ..\rtthread\3.0.3\src\object.c           0x00000000   Number         0  object.o ABSOLUTE
    ..\rtthread\3.0.3\src\scheduler.c        0x00000000   Number         0  scheduler.o ABSOLUTE
    ..\rtthread\3.0.3\src\thread.c           0x00000000   Number         0  thread.o ABSOLUTE
    ..\rtthread\3.0.3\src\timer.c            0x00000000   Number         0  timer.o ABSOLUTE
    RTE\Device\ARMCM3\startup_ARMCM3.s       0x00000000   Number         0  startup_armcm3.o ABSOLUTE
    RTE\Device\ARMCM3\system_ARMCM3.c        0x00000000   Number         0  system_armcm3.o ABSOLUTE
    RTE\\Device\\ARMCM3\\system_ARMCM3.c     0x00000000   Number         0  system_armcm3.o ABSOLUTE
    dc.s                                     0x00000000   Number         0  dc.o ABSOLUTE
    !!!main                                  0x000003c0   Section        8  __main.o(!!!main)
    !!!scatter                               0x000003c8   Section       52  __scatter.o(!!!scatter)
    !!handler_copy                           0x000003fc   Section       26  __scatter_copy.o(!!handler_copy)
    !!handler_zi                             0x00000418   Section       28  __scatter_zi.o(!!handler_zi)
    .ARM.Collect$$libinit$$00000000          0x00000434   Section        2  libinit.o(.ARM.Collect$$libinit$$00000000)
    .ARM.Collect$$libinit$$00000002          0x00000436   Section        0  libinit2.o(.ARM.Collect$$libinit$$00000002)
    .ARM.Collect$$libinit$$00000004          0x00000436   Section        0  libinit2.o(.ARM.Collect$$libinit$$00000004)
    .ARM.Collect$$libinit$$0000000A          0x00000436   Section        0  libinit2.o(.ARM.Collect$$libinit$$0000000A)
    .ARM.Collect$$libinit$$0000000C          0x00000436   Section        0  libinit2.o(.ARM.Collect$$libinit$$0000000C)
    .ARM.Collect$$libinit$$0000000E          0x00000436   Section        0  libinit2.o(.ARM.Collect$$libinit$$0000000E)
    .ARM.Collect$$libinit$$00000011          0x00000436   Section        0  libinit2.o(.ARM.Collect$$libinit$$00000011)
    .ARM.Collect$$libinit$$00000013          0x00000436   Section        0  libinit2.o(.ARM.Collect$$libinit$$00000013)
    .ARM.Collect$$libinit$$00000015          0x00000436   Section        0  libinit2.o(.ARM.Collect$$libinit$$00000015)
    .ARM.Collect$$libinit$$00000017          0x00000436   Section        0  libinit2.o(.ARM.Collect$$libinit$$00000017)
    .ARM.Collect$$libinit$$00000019          0x00000436   Section        0  libinit2.o(.ARM.Collect$$libinit$$00000019)
    .ARM.Collect$$libinit$$0000001B          0x00000436   Section        0  libinit2.o(.ARM.Collect$$libinit$$0000001B)
    .ARM.Collect$$libinit$$0000001D          0x00000436   Section        0  libinit2.o(.ARM.Collect$$libinit$$0000001D)
    .ARM.Collect$$libinit$$0000001F          0x00000436   Section        0  libinit2.o(.ARM.Collect$$libinit$$0000001F)
    .ARM.Collect$$libinit$$00000021          0x00000436   Section        0  libinit2.o(.ARM.Collect$$libinit$$00000021)
    .ARM.Collect$$libinit$$00000023          0x00000436   Section        0  libinit2.o(.ARM.Collect$$libinit$$00000023)
    .ARM.Collect$$libinit$$00000025          0x00000436   Section        0  libinit2.o(.ARM.Collect$$libinit$$00000025)
    .ARM.Collect$$libinit$$0000002C          0x00000436   Section        0  libinit2.o(.ARM.Collect$$libinit$$0000002C)
    .ARM.Collect$$libinit$$0000002E          0x00000436   Section        0  libinit2.o(.ARM.Collect$$libinit$$0000002E)
    .ARM.Collect$$libinit$$00000030          0x00000436   Section        0  libinit2.o(.ARM.Collect$$libinit$$00000030)
    .ARM.Collect$$libinit$$00000032          0x00000436   Section        0  libinit2.o(.ARM.Collect$$libinit$$00000032)
    .ARM.Collect$$libinit$$00000033          0x00000436   Section        2  libinit2.o(.ARM.Collect$$libinit$$00000033)
    .ARM.Collect$$libshutdown$$00000000      0x00000438   Section        2  libshutdown.o(.ARM.Collect$$libshutdown$$00000000)
    .ARM.Collect$$libshutdown$$00000002      0x0000043a   Section        0  libshutdown2.o(.ARM.Collect$$libshutdown$$00000002)
    .ARM.Collect$$libshutdown$$00000004      0x0000043a   Section        0  libshutdown2.o(.ARM.Collect$$libshutdown$$00000004)
    .ARM.Collect$$libshutdown$$00000007      0x0000043a   Section        0  libshutdown2.o(.ARM.Collect$$libshutdown$$00000007)
    .ARM.Collect$$libshutdown$$0000000A      0x0000043a   Section        0  libshutdown2.o(.ARM.Collect$$libshutdown$$0000000A)
    .ARM.Collect$$libshutdown$$0000000C      0x0000043a   Section        0  libshutdown2.o(.ARM.Collect$$libshutdown$$0000000C)
    .ARM.Collect$$libshutdown$$0000000F      0x0000043a   Section        0  libshutdown2.o(.ARM.Collect$$libshutdown$$0000000F)
    .ARM.Collect$$libshutdown$$00000010      0x0000043a   Section        2  libshutdown2.o(.ARM.Collect$$libshutdown$$00000010)
    .ARM.Collect$$rtentry$$00000000          0x0000043c   Section        0  __rtentry.o(.ARM.Collect$$rtentry$$00000000)
    .ARM.Collect$$rtentry$$00000002          0x0000043c   Section        0  __rtentry2.o(.ARM.Collect$$rtentry$$00000002)
    .ARM.Collect$$rtentry$$00000005          0x0000043c   Section        4  __rtentry5.o(.ARM.Collect$$rtentry$$00000005)
    .ARM.Collect$$rtentry$$00000009          0x00000440   Section        0  __rtentry2.o(.ARM.Collect$$rtentry$$00000009)
    .ARM.Collect$$rtentry$$0000000A          0x00000440   Section        4  __rtentry2.o(.ARM.Collect$$rtentry$$0000000A)
    .ARM.Collect$$rtentry$$0000000C          0x00000444   Section        0  __rtentry2.o(.ARM.Collect$$rtentry$$0000000C)
    .ARM.Collect$$rtentry$$0000000D          0x00000444   Section        8  __rtentry2.o(.ARM.Collect$$rtentry$$0000000D)
    .ARM.Collect$$rtentry$$00002716          0x0000044c   Section        4  __rtentry5.o(.ARM.Collect$$rtentry$$00002716)
    __lit__00000000                          0x0000044c   Data           4  __rtentry5.o(.ARM.Collect$$rtentry$$00002716)
    .ARM.Collect$$rtexit$$00000000           0x00000450   Section        2  rtexit.o(.ARM.Collect$$rtexit$$00000000)
    .ARM.Collect$$rtexit$$00000002           0x00000452   Section        0  rtexit2.o(.ARM.Collect$$rtexit$$00000002)
    .ARM.Collect$$rtexit$$00000003           0x00000452   Section        4  rtexit2.o(.ARM.Collect$$rtexit$$00000003)
    .ARM.Collect$$rtexit$$00000004           0x00000456   Section        6  rtexit2.o(.ARM.Collect$$rtexit$$00000004)
    .text                                    0x0000045c   Section      176  cortext_rvds.o(.text)
    .text                                    0x0000050c   Section       56  startup_armcm3.o(.text)
    .text                                    0x00000544   Section        0  heapauxi.o(.text)
    .text                                    0x0000054a   Section        0  exit.o(.text)
    .text                                    0x0000055c   Section        2  use_no_semi.o(.text)
    .text                                    0x0000055e   Section        0  indicate_semi.o(.text)
    .text                                    0x00000560   Section        0  sys_exit.o(.text)
    i.SysTick_Handler                        0x0000056c   Section        0  main.o(i.SysTick_Handler)
    i.SystemInit                             0x0000057c   Section        0  system_armcm3.o(i.SystemInit)
    i.__rt_ffs                               0x0000059c   Section        0  kservice.o(i.__rt_ffs)
    i._rt_timer_init                         0x000005f0   Section        0  timer.o(i._rt_timer_init)
    _rt_timer_init                           0x000005f1   Thumb Code    62  timer.o(i._rt_timer_init)
    i._rt_timer_remove                       0x0000062e   Section        0  timer.o(i._rt_timer_remove)
    _rt_timer_remove                         0x0000062f   Thumb Code    46  timer.o(i._rt_timer_remove)
    i.delay                                  0x0000065c   Section        0  main.o(i.delay)
    i.flag1_thread_entry                     0x00000668   Section        0  main.o(i.flag1_thread_entry)
    i.flag2_thread_entry                     0x00000688   Section        0  main.o(i.flag2_thread_entry)
    i.flag3_thread_entry                     0x000006a8   Section        0  main.o(i.flag3_thread_entry)
    i.main                                   0x000006c8   Section        0  main.o(i.main)
    i.rt_hw_stack_init                       0x000007dc   Section        0  cpuport.o(i.rt_hw_stack_init)
    i.rt_interrupt_enter                     0x0000081c   Section        0  irq.o(i.rt_interrupt_enter)
    i.rt_interrupt_leave                     0x0000083c   Section        0  irq.o(i.rt_interrupt_leave)
    i.rt_list_init                           0x0000085c   Section        0  timer.o(i.rt_list_init)
    rt_list_init                             0x0000085d   Thumb Code     6  timer.o(i.rt_list_init)
    i.rt_list_insert_after                   0x00000862   Section        0  timer.o(i.rt_list_insert_after)
    rt_list_insert_after                     0x00000863   Thumb Code    14  timer.o(i.rt_list_insert_after)
    i.rt_list_remove                         0x00000870   Section        0  thread.o(i.rt_list_remove)
    rt_list_remove                           0x00000871   Thumb Code    18  thread.o(i.rt_list_remove)
    i.rt_object_get_information              0x00000884   Section        0  object.o(i.rt_object_get_information)
    i.rt_object_init                         0x000008ac   Section        0  object.o(i.rt_object_init)
    i.rt_schedule                            0x000008f4   Section        0  scheduler.o(i.rt_schedule)
    i.rt_schedule_insert_thread              0x00000954   Section        0  scheduler.o(i.rt_schedule_insert_thread)
    i.rt_schedule_remove_thread              0x0000099c   Section        0  scheduler.o(i.rt_schedule_remove_thread)
    i.rt_strncpy                             0x000009f0   Section        0  kservice.o(i.rt_strncpy)
    i.rt_system_scheduler_init               0x00000a24   Section        0  scheduler.o(i.rt_system_scheduler_init)
    i.rt_system_scheduler_start              0x00000a60   Section        0  scheduler.o(i.rt_system_scheduler_start)
    i.rt_system_timer_init                   0x00000a90   Section        0  timer.o(i.rt_system_timer_init)
    i.rt_thread_delay                        0x00000aac   Section        0  thread.o(i.rt_thread_delay)
    i.rt_thread_idle_entry                   0x00000ab8   Section        0  idle.o(i.rt_thread_idle_entry)
    i.rt_thread_idle_init                    0x00000acc   Section        0  idle.o(i.rt_thread_idle_init)
    i.rt_thread_init                         0x00000b08   Section        0  thread.o(i.rt_thread_init)
    i.rt_thread_resume                       0x00000b84   Section        0  thread.o(i.rt_thread_resume)
    i.rt_thread_self                         0x00000bb8   Section        0  thread.o(i.rt_thread_self)
    i.rt_thread_sleep                        0x00000bc4   Section        0  thread.o(i.rt_thread_sleep)
    i.rt_thread_startup                      0x00000bfc   Section        0  thread.o(i.rt_thread_startup)
    i.rt_thread_suspend                      0x00000c28   Section        0  thread.o(i.rt_thread_suspend)
    i.rt_thread_timeout                      0x00000c62   Section        0  thread.o(i.rt_thread_timeout)
    i.rt_thread_yield                        0x00000c84   Section        0  thread.o(i.rt_thread_yield)
    i.rt_tick_get                            0x00000ce8   Section        0  clock.o(i.rt_tick_get)
    i.rt_tick_increase                       0x00000cf4   Section        0  clock.o(i.rt_tick_increase)
    i.rt_timer_check                         0x00000d24   Section        0  timer.o(i.rt_timer_check)
    i.rt_timer_control                       0x00000da8   Section        0  timer.o(i.rt_timer_control)
    i.rt_timer_init                          0x00000de2   Section        0  timer.o(i.rt_timer_init)
    i.rt_timer_start                         0x00000e10   Section        0  timer.o(i.rt_timer_start)
    i.rt_timer_stop                          0x00000f04   Section        0  timer.o(i.rt_timer_stop)
    .constdata                               0x00000f30   Section      256  kservice.o(.constdata)
    .data                                    0x20000000   Section        3  main.o(.data)
    .data                                    0x20000004   Section       12  cpuport.o(.data)
    .data                                    0x20000010   Section        9  scheduler.o(.data)
    .data                                    0x2000001c   Section       32  object.o(.data)
    rt_object_container                      0x2000001c   Data          32  object.o(.data)
    .data                                    0x2000003c   Section        4  idle.o(.data)
    .data                                    0x20000040   Section        4  clock.o(.data)
    rt_tick                                  0x20000040   Data           4  clock.o(.data)
    .data                                    0x20000044   Section        1  irq.o(.data)
    .data                                    0x20000048   Section       12  timer.o(.data)
    rt_timer_list                            0x20000048   Data           8  timer.o(.data)
    random_nr                                0x20000050   Data           4  timer.o(.data)
    .data                                    0x20000054   Section        4  system_armcm3.o(.data)
    .bss                                     0x20000058   Section     1884  main.o(.bss)
    .bss                                     0x200007b4   Section      256  scheduler.o(.bss)
    .bss                                     0x200008b4   Section      628  idle.o(.bss)
    rt_thread_stack                          0x200008b4   Data         512  idle.o(.bss)
    STACK                                    0x20000b28   Section     1024  startup_armcm3.o(STACK)

    Global Symbols

    Symbol Name                              Value     Ov Type        Size  Object(Section)

    BuildAttributes$$THM_ISAv4$P$D$K$B$S$PE$A:L22UL41UL21$X:L11$S22US41US21$IEEE1$IW$USESV6$~STKCKD$USESV7$~SHL$OSPACE$ROPI$EBA8$UX$STANDARDLIB$REQ8$PRES8$EABIv2 0x00000000   Number         0  anon$$obj.o ABSOLUTE
    __ARM_use_no_argv                        0x00000000   Number         0  main.o ABSOLUTE
    __Vectors                                0x00000000   Data           4  startup_armcm3.o(RESET)
    Image$$ZI$$Limit                          - Undefined Weak Reference
    __ARM_exceptions_init                     - Undefined Weak Reference
    __alloca_initialize                       - Undefined Weak Reference
    __arm_preinit_                            - Undefined Weak Reference
    __cpp_initialize__aeabi_                  - Undefined Weak Reference
    __cxa_finalize                            - Undefined Weak Reference
    __rt_locale                               - Undefined Weak Reference
    __sigvec_lookup                           - Undefined Weak Reference
    _atexit_init                              - Undefined Weak Reference
    _call_atexit_fns                          - Undefined Weak Reference
    _clock_init                               - Undefined Weak Reference
    _fp_trap_init                             - Undefined Weak Reference
    _fp_trap_shutdown                         - Undefined Weak Reference
    _get_lc_collate                           - Undefined Weak Reference
    _get_lc_ctype                             - Undefined Weak Reference
    _get_lc_monetary                          - Undefined Weak Reference
    _get_lc_numeric                           - Undefined Weak Reference
    _get_lc_time                              - Undefined Weak Reference
    _getenv_init                              - Undefined Weak Reference
    _handle_redirection                       - Undefined Weak Reference
    _init_alloc                               - Undefined Weak Reference
    _init_user_alloc                          - Undefined Weak Reference
    _initio                                   - Undefined Weak Reference
    _rand_init                                - Undefined Weak Reference
    _signal_finish                            - Undefined Weak Reference
    _signal_init                              - Undefined Weak Reference
    _terminate_alloc                          - Undefined Weak Reference
    _terminate_user_alloc                     - Undefined Weak Reference
    _terminateio                              - Undefined Weak Reference
    __Vectors_End                            0x000003c0   Data           0  startup_armcm3.o(RESET)
    __Vectors_Size                           0x000003c0   Number         0  startup_armcm3.o ABSOLUTE
    __main                                   0x000003c1   Thumb Code     8  __main.o(!!!main)
    __scatterload                            0x000003c9   Thumb Code     0  __scatter.o(!!!scatter)
    __scatterload_rt2                        0x000003c9   Thumb Code    44  __scatter.o(!!!scatter)
    __scatterload_rt2_thumb_only             0x000003c9   Thumb Code     0  __scatter.o(!!!scatter)
    __scatterload_null                       0x000003d7   Thumb Code     0  __scatter.o(!!!scatter)
    __scatterload_copy                       0x000003fd   Thumb Code    26  __scatter_copy.o(!!handler_copy)
    __scatterload_zeroinit                   0x00000419   Thumb Code    28  __scatter_zi.o(!!handler_zi)
    __rt_lib_init                            0x00000435   Thumb Code     0  libinit.o(.ARM.Collect$$libinit$$00000000)
    __rt_lib_init_alloca_1                   0x00000437   Thumb Code     0  libinit2.o(.ARM.Collect$$libinit$$0000002E)
    __rt_lib_init_argv_1                     0x00000437   Thumb Code     0  libinit2.o(.ARM.Collect$$libinit$$0000002C)
    __rt_lib_init_atexit_1                   0x00000437   Thumb Code     0  libinit2.o(.ARM.Collect$$libinit$$0000001B)
    __rt_lib_init_clock_1                    0x00000437   Thumb Code     0  libinit2.o(.ARM.Collect$$libinit$$00000021)
    __rt_lib_init_cpp_1                      0x00000437   Thumb Code     0  libinit2.o(.ARM.Collect$$libinit$$00000032)
    __rt_lib_init_exceptions_1               0x00000437   Thumb Code     0  libinit2.o(.ARM.Collect$$libinit$$00000030)
    __rt_lib_init_fp_1                       0x00000437   Thumb Code     0  libinit2.o(.ARM.Collect$$libinit$$00000002)
    __rt_lib_init_fp_trap_1                  0x00000437   Thumb Code     0  libinit2.o(.ARM.Collect$$libinit$$0000001F)
    __rt_lib_init_getenv_1                   0x00000437   Thumb Code     0  libinit2.o(.ARM.Collect$$libinit$$00000023)
    __rt_lib_init_heap_1                     0x00000437   Thumb Code     0  libinit2.o(.ARM.Collect$$libinit$$0000000A)
    __rt_lib_init_lc_collate_1               0x00000437   Thumb Code     0  libinit2.o(.ARM.Collect$$libinit$$00000011)
    __rt_lib_init_lc_ctype_1                 0x00000437   Thumb Code     0  libinit2.o(.ARM.Collect$$libinit$$00000013)
    __rt_lib_init_lc_monetary_1              0x00000437   Thumb Code     0  libinit2.o(.ARM.Collect$$libinit$$00000015)
    __rt_lib_init_lc_numeric_1               0x00000437   Thumb Code     0  libinit2.o(.ARM.Collect$$libinit$$00000017)
    __rt_lib_init_lc_time_1                  0x00000437   Thumb Code     0  libinit2.o(.ARM.Collect$$libinit$$00000019)
    __rt_lib_init_preinit_1                  0x00000437   Thumb Code     0  libinit2.o(.ARM.Collect$$libinit$$00000004)
    __rt_lib_init_rand_1                     0x00000437   Thumb Code     0  libinit2.o(.ARM.Collect$$libinit$$0000000E)
    __rt_lib_init_return                     0x00000437   Thumb Code     0  libinit2.o(.ARM.Collect$$libinit$$00000033)
    __rt_lib_init_signal_1                   0x00000437   Thumb Code     0  libinit2.o(.ARM.Collect$$libinit$$0000001D)
    __rt_lib_init_stdio_1                    0x00000437   Thumb Code     0  libinit2.o(.ARM.Collect$$libinit$$00000025)
    __rt_lib_init_user_alloc_1               0x00000437   Thumb Code     0  libinit2.o(.ARM.Collect$$libinit$$0000000C)
    __rt_lib_shutdown                        0x00000439   Thumb Code     0  libshutdown.o(.ARM.Collect$$libshutdown$$00000000)
    __rt_lib_shutdown_cpp_1                  0x0000043b   Thumb Code     0  libshutdown2.o(.ARM.Collect$$libshutdown$$00000002)
    __rt_lib_shutdown_fp_trap_1              0x0000043b   Thumb Code     0  libshutdown2.o(.ARM.Collect$$libshutdown$$00000007)
    __rt_lib_shutdown_heap_1                 0x0000043b   Thumb Code     0  libshutdown2.o(.ARM.Collect$$libshutdown$$0000000F)
    __rt_lib_shutdown_return                 0x0000043b   Thumb Code     0  libshutdown2.o(.ARM.Collect$$libshutdown$$00000010)
    __rt_lib_shutdown_signal_1               0x0000043b   Thumb Code     0  libshutdown2.o(.ARM.Collect$$libshutdown$$0000000A)
    __rt_lib_shutdown_stdio_1                0x0000043b   Thumb Code     0  libshutdown2.o(.ARM.Collect$$libshutdown$$00000004)
    __rt_lib_shutdown_user_alloc_1           0x0000043b   Thumb Code     0  libshutdown2.o(.ARM.Collect$$libshutdown$$0000000C)
    __rt_entry                               0x0000043d   Thumb Code     0  __rtentry.o(.ARM.Collect$$rtentry$$00000000)
    __rt_entry_presh_1                       0x0000043d   Thumb Code     0  __rtentry2.o(.ARM.Collect$$rtentry$$00000002)
    __rt_entry_sh                            0x0000043d   Thumb Code     0  __rtentry5.o(.ARM.Collect$$rtentry$$00000005)
    __rt_entry_li                            0x00000441   Thumb Code     0  __rtentry2.o(.ARM.Collect$$rtentry$$0000000A)
    __rt_entry_postsh_1                      0x00000441   Thumb Code     0  __rtentry2.o(.ARM.Collect$$rtentry$$00000009)
    __rt_entry_main                          0x00000445   Thumb Code     0  __rtentry2.o(.ARM.Collect$$rtentry$$0000000D)
    __rt_entry_postli_1                      0x00000445   Thumb Code     0  __rtentry2.o(.ARM.Collect$$rtentry$$0000000C)
    __rt_exit                                0x00000451   Thumb Code     0  rtexit.o(.ARM.Collect$$rtexit$$00000000)
    __rt_exit_ls                             0x00000453   Thumb Code     0  rtexit2.o(.ARM.Collect$$rtexit$$00000003)
    __rt_exit_prels_1                        0x00000453   Thumb Code     0  rtexit2.o(.ARM.Collect$$rtexit$$00000002)
    __rt_exit_exit                           0x00000457   Thumb Code     0  rtexit2.o(.ARM.Collect$$rtexit$$00000004)
    rt_hw_context_switch_to                  0x0000045d   Thumb Code    48  cortext_rvds.o(.text)
    PendSV_Handler                           0x0000048d   Thumb Code    60  cortext_rvds.o(.text)
    rt_hw_context_switch                     0x000004c9   Thumb Code    32  cortext_rvds.o(.text)
    rt_hw_interrupt_disable                  0x000004e9   Thumb Code     8  cortext_rvds.o(.text)
    rt_hw_interrupt_enable                   0x000004f1   Thumb Code     6  cortext_rvds.o(.text)
    Reset_Handler                            0x0000050d   Thumb Code     8  startup_armcm3.o(.text)
    NMI_Handler                              0x00000515   Thumb Code     2  startup_armcm3.o(.text)
    HardFault_Handler                        0x00000517   Thumb Code     2  startup_armcm3.o(.text)
    MemManage_Handler                        0x00000519   Thumb Code     2  startup_armcm3.o(.text)
    BusFault_Handler                         0x0000051b   Thumb Code     2  startup_armcm3.o(.text)
    UsageFault_Handler                       0x0000051d   Thumb Code     2  startup_armcm3.o(.text)
    SVC_Handler                              0x0000051f   Thumb Code     2  startup_armcm3.o(.text)
    DebugMon_Handler                         0x00000521   Thumb Code     2  startup_armcm3.o(.text)
    Interrupt0_Handler                       0x00000527   Thumb Code     2  startup_armcm3.o(.text)
    Interrupt1_Handler                       0x00000529   Thumb Code     2  startup_armcm3.o(.text)
    Interrupt2_Handler                       0x0000052b   Thumb Code     2  startup_armcm3.o(.text)
    Interrupt3_Handler                       0x0000052d   Thumb Code     2  startup_armcm3.o(.text)
    Interrupt4_Handler                       0x0000052f   Thumb Code     2  startup_armcm3.o(.text)
    Interrupt5_Handler                       0x00000531   Thumb Code     2  startup_armcm3.o(.text)
    Interrupt6_Handler                       0x00000533   Thumb Code     2  startup_armcm3.o(.text)
    Interrupt7_Handler                       0x00000535   Thumb Code     2  startup_armcm3.o(.text)
    Interrupt8_Handler                       0x00000537   Thumb Code     2  startup_armcm3.o(.text)
    Interrupt9_Handler                       0x00000539   Thumb Code     2  startup_armcm3.o(.text)
    __use_two_region_memory                  0x00000545   Thumb Code     2  heapauxi.o(.text)
    __rt_heap_escrow$2region                 0x00000547   Thumb Code     2  heapauxi.o(.text)
    __rt_heap_expand$2region                 0x00000549   Thumb Code     2  heapauxi.o(.text)
    exit                                     0x0000054b   Thumb Code    18  exit.o(.text)
    __I$use$semihosting                      0x0000055d   Thumb Code     0  use_no_semi.o(.text)
    __use_no_semihosting_swi                 0x0000055d   Thumb Code     2  use_no_semi.o(.text)
    __semihosting_library_function           0x0000055f   Thumb Code     0  indicate_semi.o(.text)
    _sys_exit                                0x00000561   Thumb Code     8  sys_exit.o(.text)
    SysTick_Handler                          0x0000056d   Thumb Code    16  main.o(i.SysTick_Handler)
    SystemInit                               0x0000057d   Thumb Code    14  system_armcm3.o(i.SystemInit)
    __rt_ffs                                 0x0000059d   Thumb Code    80  kservice.o(i.__rt_ffs)
    delay                                    0x0000065d   Thumb Code    10  main.o(i.delay)
    flag1_thread_entry                       0x00000669   Thumb Code    28  main.o(i.flag1_thread_entry)
    flag2_thread_entry                       0x00000689   Thumb Code    28  main.o(i.flag2_thread_entry)
    flag3_thread_entry                       0x000006a9   Thumb Code    28  main.o(i.flag3_thread_entry)
    main                                     0x000006c9   Thumb Code   204  main.o(i.main)
    rt_hw_stack_init                         0x000007dd   Thumb Code    58  cpuport.o(i.rt_hw_stack_init)
    rt_interrupt_enter                       0x0000081d   Thumb Code    26  irq.o(i.rt_interrupt_enter)
    rt_interrupt_leave                       0x0000083d   Thumb Code    26  irq.o(i.rt_interrupt_leave)
    rt_object_get_information                0x00000885   Thumb Code    36  object.o(i.rt_object_get_information)
    rt_object_init                           0x000008ad   Thumb Code    70  object.o(i.rt_object_init)
    rt_schedule                              0x000008f5   Thumb Code    78  scheduler.o(i.rt_schedule)
    rt_schedule_insert_thread                0x00000955   Thumb Code    64  scheduler.o(i.rt_schedule_insert_thread)
    rt_schedule_remove_thread                0x0000099d   Thumb Code    76  scheduler.o(i.rt_schedule_remove_thread)
    rt_strncpy                               0x000009f1   Thumb Code    52  kservice.o(i.rt_strncpy)
    rt_system_scheduler_init                 0x00000a25   Thumb Code    44  scheduler.o(i.rt_system_scheduler_init)
    rt_system_scheduler_start                0x00000a61   Thumb Code    36  scheduler.o(i.rt_system_scheduler_start)
    rt_system_timer_init                     0x00000a91   Thumb Code    24  timer.o(i.rt_system_timer_init)
    rt_thread_delay                          0x00000aad   Thumb Code    12  thread.o(i.rt_thread_delay)
    rt_thread_idle_entry                     0x00000ab9   Thumb Code    16  idle.o(i.rt_thread_idle_entry)
    rt_thread_idle_init                      0x00000acd   Thumb Code    38  idle.o(i.rt_thread_idle_init)
    rt_thread_init                           0x00000b09   Thumb Code   120  thread.o(i.rt_thread_init)
    rt_thread_resume                         0x00000b85   Thumb Code    52  thread.o(i.rt_thread_resume)
    rt_thread_self                           0x00000bb9   Thumb Code     6  thread.o(i.rt_thread_self)
    rt_thread_sleep                          0x00000bc5   Thumb Code    52  thread.o(i.rt_thread_sleep)
    rt_thread_startup                        0x00000bfd   Thumb Code    44  thread.o(i.rt_thread_startup)
    rt_thread_suspend                        0x00000c29   Thumb Code    58  thread.o(i.rt_thread_suspend)
    rt_thread_timeout                        0x00000c63   Thumb Code    32  thread.o(i.rt_thread_timeout)
    rt_thread_yield                          0x00000c85   Thumb Code    92  thread.o(i.rt_thread_yield)
    rt_tick_get                              0x00000ce9   Thumb Code     6  clock.o(i.rt_tick_get)
    rt_tick_increase                         0x00000cf5   Thumb Code    42  clock.o(i.rt_tick_increase)
    rt_timer_check                           0x00000d25   Thumb Code   126  timer.o(i.rt_timer_check)
    rt_timer_control                         0x00000da9   Thumb Code    58  timer.o(i.rt_timer_control)
    rt_timer_init                            0x00000de3   Thumb Code    46  timer.o(i.rt_timer_init)
    rt_timer_start                           0x00000e11   Thumb Code   236  timer.o(i.rt_timer_start)
    rt_timer_stop                            0x00000f05   Thumb Code    44  timer.o(i.rt_timer_stop)
    __lowest_bit_bitmap                      0x00000f30   Data         256  kservice.o(.constdata)
    Region$$Table$$Base                      0x00001030   Number         0  anon$$obj.o(Region$$Table)
    Region$$Table$$Limit                     0x00001050   Number         0  anon$$obj.o(Region$$Table)
    flag1                                    0x20000000   Data           1  main.o(.data)
    flag2                                    0x20000001   Data           1  main.o(.data)
    flag3                                    0x20000002   Data           1  main.o(.data)
    rt_interrupt_from_thread                 0x20000004   Data           4  cpuport.o(.data)
    rt_interrupt_to_thread                   0x20000008   Data           4  cpuport.o(.data)
    rt_thread_switch_interrupt_flag          0x2000000c   Data           4  cpuport.o(.data)
    rt_thread_ready_priority_group           0x20000010   Data           4  scheduler.o(.data)
    rt_current_thread                        0x20000014   Data           4  scheduler.o(.data)
    rt_current_priority                      0x20000018   Data           1  scheduler.o(.data)
    rt_idletask_ctr                          0x2000003c   Data           4  idle.o(.data)
    rt_interrupt_nest                        0x20000044   Data           1  irq.o(.data)
    SystemCoreClock                          0x20000054   Data           4  system_armcm3.o(.data)
    rt_flag1_thread_stack                    0x20000058   Data         512  main.o(.bss)
    rt_flag2_thread_stack                    0x20000258   Data         512  main.o(.bss)
    rt_flag3_thread_stack                    0x20000458   Data         512  main.o(.bss)
    rt_flag1_thread                          0x20000658   Data         116  main.o(.bss)
    rt_flag2_thread                          0x200006cc   Data         116  main.o(.bss)
    rt_flag3_thread                          0x20000740   Data         116  main.o(.bss)
    rt_thread_priority_table                 0x200007b4   Data         256  scheduler.o(.bss)
    idle                                     0x20000ab4   Data         116  idle.o(.bss)
    __stack_limit                            0x20000b28   Data           0  startup_armcm3.o(STACK)
    __initial_sp                             0x20000f28   Data           0  startup_armcm3.o(STACK)



==============================================================================

Memory Map of the image

  Image Entry point : 0x000003c1

  Load Region LR_IROM1 (Base: 0x00000000, Size: 0x000010a8, Max: 0x00040000, ABSOLUTE)

    Execution Region ER_IROM1 (Exec base: 0x00000000, Load base: 0x00000000, Size: 0x00001050, Max: 0x00040000, ABSOLUTE)

    Exec Addr    Load Addr    Size         Type   Attr      Idx    E Section Name        Object

    0x00000000   0x00000000   0x000003c0   Data   RO          414    RESET               startup_armcm3.o
    0x000003c0   0x000003c0   0x00000008   Code   RO          464  * !!!main             c_w.l(__main.o)
    0x000003c8   0x000003c8   0x00000034   Code   RO          632    !!!scatter          c_w.l(__scatter.o)
    0x000003fc   0x000003fc   0x0000001a   Code   RO          634    !!handler_copy      c_w.l(__scatter_copy.o)
    0x00000416   0x00000416   0x00000002   PAD
    0x00000418   0x00000418   0x0000001c   Code   RO          636    !!handler_zi        c_w.l(__scatter_zi.o)
    0x00000434   0x00000434   0x00000002   Code   RO          496    .ARM.Collect$$libinit$$00000000  c_w.l(libinit.o)
    0x00000436   0x00000436   0x00000000   Code   RO          505    .ARM.Collect$$libinit$$00000002  c_w.l(libinit2.o)
    0x00000436   0x00000436   0x00000000   Code   RO          507    .ARM.Collect$$libinit$$00000004  c_w.l(libinit2.o)
    0x00000436   0x00000436   0x00000000   Code   RO          510    .ARM.Collect$$libinit$$0000000A  c_w.l(libinit2.o)
    0x00000436   0x00000436   0x00000000   Code   RO          512    .ARM.Collect$$libinit$$0000000C  c_w.l(libinit2.o)
    0x00000436   0x00000436   0x00000000   Code   RO          514    .ARM.Collect$$libinit$$0000000E  c_w.l(libinit2.o)
    0x00000436   0x00000436   0x00000000   Code   RO          517    .ARM.Collect$$libinit$$00000011  c_w.l(libinit2.o)
    0x00000436   0x00000436   0x00000000   Code   RO          519    .ARM.Collect$$libinit$$00000013  c_w.l(libinit2.o)
    0x00000436   0x00000436   0x00000000   Code   RO          521    .ARM.Collect$$libinit$$00000015  c_w.l(libinit2.o)
    0x00000436   0x00000436   0x00000000   Code   RO          523    .ARM.Collect$$libinit$$00000017  c_w.l(libinit2.o)
    0x00000436   0x00000436   0x00000000   Code   RO          525    .ARM.Collect$$libinit$$00000019  c_w.l(libinit2.o)
    0x00000436   0x00000436   0x00000000   Code   RO          527    .ARM.Collect$$libinit$$0000001B  c_w.l(libinit2.o)
    0x00000436   0x00000436   0x00000000   Code   RO          529    .ARM.Collect$$libinit$$0000001D  c_w.l(libinit2.o)
    0x00000436   0x00000436   0x00000000   Code   RO          531    .ARM.Collect$$libinit$$0000001F  c_w.l(libinit2.o)
    0x00000436   0x00000436   0x00000000   Code   RO          533    .ARM.Collect$$libinit$$00000021  c_w.l(libinit2.o)
    0x00000436   0x00000436   0x00000000   Code   RO          535    .ARM.Collect$$libinit$$00000023  c_w.l(libinit2.o)
    0x00000436   0x00000436   0x00000000   Code   RO          537    .ARM.Collect$$libinit$$00000025  c_w.l(libinit2.o)
    0x00000436   0x00000436   0x00000000   Code   RO          541    .ARM.Collect$$libinit$$0000002C  c_w.l(libinit2.o)
    0x00000436   0x00000436   0x00000000   Code   RO          543    .ARM.Collect$$libinit$$0000002E  c_w.l(libinit2.o)
    0x00000436   0x00000436   0x00000000   Code   RO          545    .ARM.Collect$$libinit$$00000030  c_w.l(libinit2.o)
    0x00000436   0x00000436   0x00000000   Code   RO          547    .ARM.Collect$$libinit$$00000032  c_w.l(libinit2.o)
    0x00000436   0x00000436   0x00000002   Code   RO          548    .ARM.Collect$$libinit$$00000033  c_w.l(libinit2.o)
    0x00000438   0x00000438   0x00000002   Code   RO          575    .ARM.Collect$$libshutdown$$00000000  c_w.l(libshutdown.o)
    0x0000043a   0x0000043a   0x00000000   Code   RO          585    .ARM.Collect$$libshutdown$$00000002  c_w.l(libshutdown2.o)
    0x0000043a   0x0000043a   0x00000000   Code   RO          587    .ARM.Collect$$libshutdown$$00000004  c_w.l(libshutdown2.o)
    0x0000043a   0x0000043a   0x00000000   Code   RO          590    .ARM.Collect$$libshutdown$$00000007  c_w.l(libshutdown2.o)
    0x0000043a   0x0000043a   0x00000000   Code   RO          593    .ARM.Collect$$libshutdown$$0000000A  c_w.l(libshutdown2.o)
    0x0000043a   0x0000043a   0x00000000   Code   RO          595    .ARM.Collect$$libshutdown$$0000000C  c_w.l(libshutdown2.o)
    0x0000043a   0x0000043a   0x00000000   Code   RO          598    .ARM.Collect$$libshutdown$$0000000F  c_w.l(libshutdown2.o)
    0x0000043a   0x0000043a   0x00000002   Code   RO          599    .ARM.Collect$$libshutdown$$00000010  c_w.l(libshutdown2.o)
    0x0000043c   0x0000043c   0x00000000   Code   RO          466    .ARM.Collect$$rtentry$$00000000  c_w.l(__rtentry.o)
    0x0000043c   0x0000043c   0x00000000   Code   RO          468    .ARM.Collect$$rtentry$$00000002  c_w.l(__rtentry2.o)
    0x0000043c   0x0000043c   0x00000004   Code   RO          482    .ARM.Collect$$rtentry$$00000005  c_w.l(__rtentry5.o)
    0x00000440   0x00000440   0x00000000   Code   RO          470    .ARM.Collect$$rtentry$$00000009  c_w.l(__rtentry2.o)
    0x00000440   0x00000440   0x00000004   Code   RO          471    .ARM.Collect$$rtentry$$0000000A  c_w.l(__rtentry2.o)
    0x00000444   0x00000444   0x00000000   Code   RO          473    .ARM.Collect$$rtentry$$0000000C  c_w.l(__rtentry2.o)
    0x00000444   0x00000444   0x00000008   Code   RO          474    .ARM.Collect$$rtentry$$0000000D  c_w.l(__rtentry2.o)
    0x0000044c   0x0000044c   0x00000004   Code   RO          483    .ARM.Collect$$rtentry$$00002716  c_w.l(__rtentry5.o)
    0x00000450   0x00000450   0x00000002   Code   RO          502    .ARM.Collect$$rtexit$$00000000  c_w.l(rtexit.o)
    0x00000452   0x00000452   0x00000000   Code   RO          557    .ARM.Collect$$rtexit$$00000002  c_w.l(rtexit2.o)
    0x00000452   0x00000452   0x00000004   Code   RO          558    .ARM.Collect$$rtexit$$00000003  c_w.l(rtexit2.o)
    0x00000456   0x00000456   0x00000006   Code   RO          559    .ARM.Collect$$rtexit$$00000004  c_w.l(rtexit2.o)
    0x0000045c   0x0000045c   0x000000b0   Code   RO          119    .text               cortext_rvds.o
    0x0000050c   0x0000050c   0x00000038   Code   RO          415    .text               startup_armcm3.o
    0x00000544   0x00000544   0x00000006   Code   RO          462    .text               c_w.l(heapauxi.o)
    0x0000054a   0x0000054a   0x00000012   Code   RO          489    .text               c_w.l(exit.o)
    0x0000055c   0x0000055c   0x00000002   Code   RO          553    .text               c_w.l(use_no_semi.o)
    0x0000055e   0x0000055e   0x00000000   Code   RO          555    .text               c_w.l(indicate_semi.o)
    0x0000055e   0x0000055e   0x00000002   PAD
    0x00000560   0x00000560   0x0000000c   Code   RO          567    .text               c_w.l(sys_exit.o)
    0x0000056c   0x0000056c   0x00000010   Code   RO            4    i.SysTick_Handler   main.o
    0x0000057c   0x0000057c   0x00000020   Code   RO          423    i.SystemInit        system_armcm3.o
    0x0000059c   0x0000059c   0x00000054   Code   RO          259    i.__rt_ffs          kservice.o
    0x000005f0   0x000005f0   0x0000003e   Code   RO          345    i._rt_timer_init    timer.o
    0x0000062e   0x0000062e   0x0000002e   Code   RO          346    i._rt_timer_remove  timer.o
    0x0000065c   0x0000065c   0x0000000a   Code   RO            5    i.delay             main.o
    0x00000666   0x00000666   0x00000002   PAD
    0x00000668   0x00000668   0x00000020   Code   RO            6    i.flag1_thread_entry  main.o
    0x00000688   0x00000688   0x00000020   Code   RO            7    i.flag2_thread_entry  main.o
    0x000006a8   0x000006a8   0x00000020   Code   RO            8    i.flag3_thread_entry  main.o
    0x000006c8   0x000006c8   0x00000114   Code   RO            9    i.main              main.o
    0x000007dc   0x000007dc   0x00000040   Code   RO          104    i.rt_hw_stack_init  cpuport.o
    0x0000081c   0x0000081c   0x00000020   Code   RO          324    i.rt_interrupt_enter  irq.o
    0x0000083c   0x0000083c   0x00000020   Code   RO          325    i.rt_interrupt_leave  irq.o
    0x0000085c   0x0000085c   0x00000006   Code   RO          347    i.rt_list_init      timer.o
    0x00000862   0x00000862   0x0000000e   Code   RO          348    i.rt_list_insert_after  timer.o
    0x00000870   0x00000870   0x00000012   Code   RO          123    i.rt_list_remove    thread.o
    0x00000882   0x00000882   0x00000002   PAD
    0x00000884   0x00000884   0x00000028   Code   RO          236    i.rt_object_get_information  object.o
    0x000008ac   0x000008ac   0x00000046   Code   RO          237    i.rt_object_init    object.o
    0x000008f2   0x000008f2   0x00000002   PAD
    0x000008f4   0x000008f4   0x00000060   Code   RO          192    i.rt_schedule       scheduler.o
    0x00000954   0x00000954   0x00000048   Code   RO          193    i.rt_schedule_insert_thread  scheduler.o
    0x0000099c   0x0000099c   0x00000054   Code   RO          194    i.rt_schedule_remove_thread  scheduler.o
    0x000009f0   0x000009f0   0x00000034   Code   RO          260    i.rt_strncpy        kservice.o
    0x00000a24   0x00000a24   0x0000003c   Code   RO          195    i.rt_system_scheduler_init  scheduler.o
    0x00000a60   0x00000a60   0x00000030   Code   RO          196    i.rt_system_scheduler_start  scheduler.o
    0x00000a90   0x00000a90   0x0000001c   Code   RO          349    i.rt_system_timer_init  timer.o
    0x00000aac   0x00000aac   0x0000000c   Code   RO          124    i.rt_thread_delay   thread.o
    0x00000ab8   0x00000ab8   0x00000014   Code   RO          280    i.rt_thread_idle_entry  idle.o
    0x00000acc   0x00000acc   0x0000003c   Code   RO          281    i.rt_thread_idle_init  idle.o
    0x00000b08   0x00000b08   0x0000007c   Code   RO          125    i.rt_thread_init    thread.o
    0x00000b84   0x00000b84   0x00000034   Code   RO          126    i.rt_thread_resume  thread.o
    0x00000bb8   0x00000bb8   0x0000000c   Code   RO          127    i.rt_thread_self    thread.o
    0x00000bc4   0x00000bc4   0x00000038   Code   RO          128    i.rt_thread_sleep   thread.o
    0x00000bfc   0x00000bfc   0x0000002c   Code   RO          129    i.rt_thread_startup  thread.o
    0x00000c28   0x00000c28   0x0000003a   Code   RO          130    i.rt_thread_suspend  thread.o
    0x00000c62   0x00000c62   0x00000020   Code   RO          131    i.rt_thread_timeout  thread.o
    0x00000c82   0x00000c82   0x00000002   PAD
    0x00000c84   0x00000c84   0x00000064   Code   RO          132    i.rt_thread_yield   thread.o
    0x00000ce8   0x00000ce8   0x0000000c   Code   RO          303    i.rt_tick_get       clock.o
    0x00000cf4   0x00000cf4   0x00000030   Code   RO          304    i.rt_tick_increase  clock.o
    0x00000d24   0x00000d24   0x00000084   Code   RO          350    i.rt_timer_check    timer.o
    0x00000da8   0x00000da8   0x0000003a   Code   RO          351    i.rt_timer_control  timer.o
    0x00000de2   0x00000de2   0x0000002e   Code   RO          352    i.rt_timer_init     timer.o
    0x00000e10   0x00000e10   0x000000f4   Code   RO          353    i.rt_timer_start    timer.o
    0x00000f04   0x00000f04   0x0000002c   Code   RO          354    i.rt_timer_stop     timer.o
    0x00000f30   0x00000f30   0x00000100   Data   RO          261    .constdata          kservice.o
    0x00001030   0x00001030   0x00000020   Data   RO          630    Region$$Table       anon$$obj.o


    Execution Region RW_IRAM1 (Exec base: 0x20000000, Load base: 0x00001050, Size: 0x00000f28, Max: 0x00020000, ABSOLUTE)

    Exec Addr    Load Addr    Size         Type   Attr      Idx    E Section Name        Object

    0x20000000   0x00001050   0x00000003   Data   RW           11    .data               main.o
    0x20000003   0x00001053   0x00000001   PAD
    0x20000004   0x00001054   0x0000000c   Data   RW          105    .data               cpuport.o
    0x20000010   0x00001060   0x00000009   Data   RW          198    .data               scheduler.o
    0x20000019   0x00001069   0x00000003   PAD
    0x2000001c   0x0000106c   0x00000020   Data   RW          238    .data               object.o
    0x2000003c   0x0000108c   0x00000004   Data   RW          283    .data               idle.o
    0x20000040   0x00001090   0x00000004   Data   RW          305    .data               clock.o
    0x20000044   0x00001094   0x00000001   Data   RW          326    .data               irq.o
    0x20000045   0x00001095   0x00000003   PAD
    0x20000048   0x00001098   0x0000000c   Data   RW          355    .data               timer.o
    0x20000054   0x000010a4   0x00000004   Data   RW          424    .data               system_armcm3.o
    0x20000058        -       0x0000075c   Zero   RW           10    .bss                main.o
    0x200007b4        -       0x00000100   Zero   RW          197    .bss                scheduler.o
    0x200008b4        -       0x00000274   Zero   RW          282    .bss                idle.o
    0x20000b28        -       0x00000400   Zero   RW          412    STACK               startup_armcm3.o


==============================================================================

Image component sizes


      Code (inc. data)   RO Data    RW Data    ZI Data      Debug   Object Name

        60         12          0          4          0       1145   clock.o
       176         22          0          0          0        656   cortext_rvds.o
        64          6          0         12          0       1965   cpuport.o
        80         26          0          4        628       1819   idle.o
        64         12          0          1          0       1642   irq.o
       136          4        256          0          0       2018   kservice.o
       398         84          0          3       1884      39440   main.o
       110          4          0         32          0       2733   object.o
       360         62          0          9        256       4864   scheduler.o
        56         10        960          0       1024       1168   startup_armcm3.o
        32         18          0          4          0        679   system_armcm3.o
       508         22          0          0          0       6647   thread.o
       680         18          0         12          0       7516   timer.o

    ----------------------------------------------------------------------
      2732        300       1248         88       3792      72292   Object Totals
         0          0         32          0          0          0   (incl. Generated)
         8          0          0          7          0          0   (incl. Padding)

    ----------------------------------------------------------------------

      Code (inc. data)   RO Data    RW Data    ZI Data      Debug   Library Member Name

         8          0          0          0          0         68   __main.o
         0          0          0          0          0          0   __rtentry.o
        12          0          0          0          0          0   __rtentry2.o
         8          4          0          0          0          0   __rtentry5.o
        52          8          0          0          0          0   __scatter.o
        26          0          0          0          0          0   __scatter_copy.o
        28          0          0          0          0          0   __scatter_zi.o
        18          0          0          0          0         80   exit.o
         6          0          0          0          0        152   heapauxi.o
         0          0          0          0          0          0   indicate_semi.o
         2          0          0          0          0          0   libinit.o
         2          0          0          0          0          0   libinit2.o
         2          0          0          0          0          0   libshutdown.o
         2          0          0          0          0          0   libshutdown2.o
         2          0          0          0          0          0   rtexit.o
        10          0          0          0          0          0   rtexit2.o
        12          4          0          0          0         68   sys_exit.o
         2          0          0          0          0         68   use_no_semi.o

    ----------------------------------------------------------------------
       196         16          0          0          0        436   Library Totals
         4          0          0          0          0          0   (incl. Padding)

    ----------------------------------------------------------------------

      Code (inc. data)   RO Data    RW Data    ZI Data      Debug   Library Name

       192         16          0          0          0        436   c_w.l

    ----------------------------------------------------------------------
       196         16          0          0          0        436   Library Totals

    ----------------------------------------------------------------------

==============================================================================


      Code (inc. data)   RO Data    RW Data    ZI Data      Debug   

      2928        316       1248         88       3792      70592   Grand Totals
      2928        316       1248         88       3792      70592   ELF Image Totals
      2928        316       1248         88          0          0   ROM Totals

==============================================================================

    Total RO  Size (Code + RO Data)                 4176 (   4.08kB)
    Total RW  Size (RW Data + ZI Data)              3880 (   3.79kB)
    Total ROM Size (Code + RO Data + RW Data)       4264 (   4.16kB)

==============================================================================

